// Jest Snapshot v1, https://goo.gl/fbAQLP

exports[`enum generation: Language 1`] = `
"enum Language 
  Typescript
  Javascript
  Rust
  Go
  Python
  Cpp
end"
`;

exports[`enum generation: NotificationType 1`] = `
"enum NotificationType 
  NewPosts
  NewComments
  NewFollowers
  Reply
  HeartOnPost
  HeartOnComment
  HeartOnReply
end"
`;
